
> scopeaihub@0.0.0 build
> vite build && node scripts/generate-sitemap.js && node scripts/generate-csp-hashes.js

[36mvite v7.3.1 [32mbuilding client environment for production...[36m[39m
transforming...
[32m✓[39m 52 modules transformed.

[33mplugin-legacy overrode 'build.target'. You should pass 'targets' as an option to this plugin with the list of legacy browsers to support instead.[39m
[31m✗[39m Build failed in 658ms
[31merror during build:
[31m[vite]: Rollup failed to resolve import "@studio-freight/lenis" from "D:/scope_ai_hub/src/components/SmoothScroll.jsx".
This is most likely unintended because it can break your application at runtime.
If you do want to externalize this module explicitly add it to
`build.rollupOptions.external`[31m
    at viteLog (file:///D:/scope_ai_hub/node_modules/vite/dist/node/chunks/config.js:33635:57)
    at file:///D:/scope_ai_hub/node_modules/vite/dist/node/chunks/config.js:33669:73
    at onwarn (file:///D:/scope_ai_hub/node_modules/@vitejs/plugin-react/dist/index.js:76:7)
    at file:///D:/scope_ai_hub/node_modules/vite/dist/node/chunks/config.js:33669:28
    at onRollupLog (file:///D:/scope_ai_hub/node_modules/vite/dist/node/chunks/config.js:33664:63)
    at onLog (file:///D:/scope_ai_hub/node_modules/vite/dist/node/chunks/config.js:33467:4)
    at file:///D:/scope_ai_hub/node_modules/rollup/dist/es/shared/node-entry.js:20981:32
    at Object.logger [as onLog] (file:///D:/scope_ai_hub/node_modules/rollup/dist/es/shared/node-entry.js:22968:9)
    at ModuleLoader.handleInvalidResolvedId (file:///D:/scope_ai_hub/node_modules/rollup/dist/es/shared/node-entry.js:21712:26)
    at file:///D:/scope_ai_hub/node_modules/rollup/dist/es/shared/node-entry.js:21670:26[39m
